NEW 1234567 000 0000000 jeff
EOS 0000000 000 0000000 ***