XFR 1234567 5000 7654321 ***
EOS 0000000 000 0000000 ***